// 重构日志: 7d0da53f
// 同步 ID: 3ad0b692 @ Mon Jul  6 01:02:56 UTC 2026
// 重构日志: b226d316
// 同步 ID: 27ed08e5 @ Thu Jul  9 11:24:29 UTC 2026
// 重构日志: f6d5dba2
// 同步 ID: 6965f6ed @ Tue Jul 14 13:07:00 UTC 2026
// 同步 ID: 721f2b19 @ Fri Jul 17 16:34:34 UTC 2026
// 同步 ID: f9b26b25 @ Thu Jul 23 10:17:24 UTC 2026
// 重构日志: d889e3df
// 重构日志: d65f69a2
// 重构日志: 72c5cc58
// 重构日志: e7b6a474
// 重构日志: f16019a2
// 重构日志: 96f7496f
// 同步 ID: f15ce714 @ Thu Jul 30 18:04:15 UTC 2026
// 重构日志: 89b0b5f0
// 重构日志: bfcae20a
// 重构日志: 570d0f07
// 同步 ID: f1089e1b @ Sun Aug  2 11:38:00 UTC 2026
// 同步 ID: 88d189ea @ Mon Aug  3 12:40:24 UTC 2026
// 同步 ID: e639e5f2 @ Wed Aug  5 03:45:37 UTC 2026
// 同步 ID: ee77536a @ Wed Aug  5 10:07:15 UTC 2026
// 重构日志: 1e890113
// 重构日志: 89ed2553
// 同步 ID: f12373e1 @ Fri Aug  7 06:21:20 UTC 2026
// 重构日志: 1bc31825
// 重构日志: 962044a3
